{"level":"info","time":"2026-05-28T02:51:37Z","message":"Thank you for trying Cloudflare Tunnel. Doing so, without a Cloudflare account, is a quick way to experiment and try it out. However, be aware that these account-less Tunnels have no uptime guarantee, are subject to the Cloudflare Online Services Terms of Use (https://www.cloudflare.com/website-terms/), and Cloudflare reserves the right to investigate your use of Tunnels for violations of such terms. If you intend to use Tunnels in production you should use a pre-created named tunnel by following: https://developers.cloudflare.com/cloudflare-one/connections/connect-apps"}
{"level":"info","time":"2026-05-28T02:51:37Z","message":"Requesting new quick Tunnel on trycloudflare.com..."}
{"level":"info","time":"2026-05-28T02:51:43Z","message":"+--------------------------------------------------------------------------------------------+"}
{"level":"info","time":"2026-05-28T02:51:43Z","message":"|  Your quick Tunnel has been created! Visit it at (it may take some time to be reachable):  |"}
{"level":"info","time":"2026-05-28T02:51:43Z","message":"|  https://topic-participation-blank-processors.trycloudflare.com                            |"}
{"level":"info","time":"2026-05-28T02:51:43Z","message":"+--------------------------------------------------------------------------------------------+"}
{"level":"info","time":"2026-05-28T02:51:43Z","message":"Cannot determine default configuration path. No file [config.yml config.yaml] in [~/.cloudflared ~/.cloudflare-warp ~/cloudflare-warp /etc/cloudflared /usr/local/etc/cloudflared]"}
{"level":"info","time":"2026-05-28T02:51:43Z","message":"Version 2026.5.0 (Checksum c224bfbc09a5920527abc6cf605ecc32c5d4b635da3a606da986a2bb2eca57e5)"}
{"level":"info","time":"2026-05-28T02:51:43Z","message":"GOOS: android, GOVersion: go1.26.2, GoArch: arm64"}
{"level":"info","time":"2026-05-28T02:51:43Z","message":"Settings: map[ha-connections:1 logfile:/data/data/com.termux/files/home/Hangouts/cloudflared.log protocol:quic url:http://localhost:3000]"}
{"level":"info","time":"2026-05-28T02:51:43Z","message":"cloudflared will not automatically update when run from the shell. To enable auto-updates, run cloudflared as a service: https://developers.cloudflare.com/cloudflare-one/connections/connect-apps/configure-tunnels/local-management/as-a-service/"}
{"level":"info","time":"2026-05-28T02:51:43Z","message":"Generated Connector ID: b29fe62d-7251-4922-b8c4-260cbe0e7a4a"}
{"level":"info","time":"2026-05-28T02:51:43Z","message":"Initial protocol quic"}
{"level":"info","time":"2026-05-28T02:51:43Z","message":"ICMP proxy will use 192.168.1.2 as source for IPv4"}
{"level":"info","time":"2026-05-28T02:51:43Z","message":"ICMP proxy will use 2401:4900:1cbd:28d1:c13f:fd48:f7c:696 in zone wlan0 as source for IPv6"}
{"level":"warn","error":"cannot create ICMPv4 proxy: bind: permission denied nor ICMPv6 proxy: bind: permission denied","time":"2026-05-28T02:51:43Z","message":"ICMP proxy feature is disabled"}
{"level":"info","time":"2026-05-28T02:51:43Z","message":"ICMP proxy will use 192.168.1.2 as source for IPv4"}
{"level":"info","time":"2026-05-28T02:51:43Z","message":"ICMP proxy will use 2401:4900:1cbd:28d1:c13f:fd48:f7c:696 in zone wlan0 as source for IPv6"}
{"level":"info","time":"2026-05-28T02:51:43Z","message":"Starting metrics server on 127.0.0.1:41531/metrics"}
{"level":"info","event":0,"ip":"2606:4700:a8::4","connIndex":0,"time":"2026-05-28T02:51:43Z","message":"Tunnel connection curve preferences: [X25519MLKEM768 CurveID(65074) CurveP256]"}
{"level":"info","event":0,"connection":"5a16df7f-8ec1-457f-b625-4152810d99f6","connIndex":0,"location":"bom10","ip":"2606:4700:a8::4","protocol":"quic","time":"2026-05-28T02:51:44Z","message":"Registered tunnel connection"}
